// Jest Snapshot v1, https://goo.gl/fbAQLP

exports[`Main it did not change visually 1`] = `
<div
  style={
    Object {
      "margin": 0,
      "padding": 0,
    }
  }
>
  <HelmetWrapper
    defer={true}
    encodeSpecialCharacters={true}
  >
    <meta
      charset="UTF-8"
    />
    <meta
      content="width=device-width, initial-scale=1"
      name="viewport"
    />
    <title>
      Constructional Affection
    </title>
    <meta
      content="Constructional Affection"
      name="description"
    />
  </HelmetWrapper>
  <Profiler
    id="Main"
    onRender={[Function]}
  >
    <WithTheme(WithWidth(Connect(NavIntro))) />
    <main
      style={
        Object {
          "margin": 0,
          "padding": 0,
        }
      }
    >
      <WithTheme(WithWidth(About)) />
      <Connect(WithTheme(WithWidth(Solution))) />
      <WithTheme(WithWidth(HowTo)) />
      <Suspense
        fallback={<div />}
      >
        <lazy />
      </Suspense>
      <Suspense
        fallback={<div />}
      >
        <lazy />
      </Suspense>
    </main>
    <WithStyles(Footer) />
  </Profiler>
</div>
`;
